// Jest Snapshot v1, https://goo.gl/fbAQLP

exports[`<LoginButton /> should render the heading 1`] = `
.c0 {
  border-radius: 0.4rem;
  border: 1px solid #EDEDED;
  background-color: transparent;
  width: 3.4rem;
  height: 3.4rem;
  outline: none;
  padding: 0.5rem;
  cursor: pointer;
}

.c0:hover {
  background-color: #FF3232;
  border-color: #FF3232;
}

.c0:hover svg {
  fill: white;
}

.c0 svg {
  fill: #EDEDED;
}

<button
  class="c0"
>
  <svg
    id="Capa_1"
    version="1.1"
    viewBox="0 0 512 512"
    x="0px"
    xmlns="http://www.w3.org/2000/svg"
    y="0px"
  >
    <g>
      <g>
        <polygon
          points="291.838,35.838 263.57,64.106 435.474,236.011 0,236.011 0,275.989 435.474,275.989 263.57,447.894 291.838,476.162 512,256 		"
        />
      </g>
    </g>
  </svg>
</button>
`
